GET /echo HTTP/1.1
accept: */*
host: localhost
user-agent: curl/7.81.0

